// Vitest Snapshot v1, https://vitest.dev/guide/snapshot.html

exports[`pages/Account/VaultsBreakdown > displays content correctly 1`] = `"VaultsStakedAssetAPRStakeVAI> 10,000%0 VAIXVS12.92%233.00 XVS"`;
