// Vitest Snapshot v1, https://vitest.dev/guide/snapshot.html

exports[`PoolsBreakdown > displays content correctly 1`] = `"Supplied assetsAssetAPY  / LTVBalanceCollateralXVS0.16%50%90.00 XVS$115.08USDC5.24% 5.99%80%100.00 USDC$99.99Borrowed assetsAssetAPY Balance% of limitUSDT-5.49% -6.51%40.00 USDT$40.000%BUSD-4.9% -5.81%50.00 BUSD$50.000%AssetsSuppliedBorrowedAssetAPY  / LTVBalanceCollateralXVS0.16%50%90.00 XVS$115.08USDC5.24% 5.99%80%100.00 USDC$99.99"`;
