// Vitest Snapshot v1, https://vitest.dev/guide/snapshot.html

exports[`Dashboard > displays markets table correctly 1`] = `"AssetPoolWalletSupply APY  / LTVBorrow APY LiquidityUSDTVenus900.00 USDT$900.004.01% / 80%5.76%-5.49% -6.51%10.00 USDT$55.34MUSDTMetaverse900.00 USDT$900.004.01% / 80%5.76%-5.49% -6.51%10.00 USDT$55.34MBUSDVenus110.00 BUSD$110.003.56% / 80%5.31%-4.9% -5.81%10.00 BUSD$36.54MBUSDMetaverse110.00 BUSD$110.003.56% / 80%5.31%-4.9% -5.81%10.00 BUSD$36.54MXVSVenus100.00 XVS$127.860.16%50%-6.48%10.00 XVS$80.36MXVSMetaverse100.00 XVS$127.860.16%50%-6.48%10.00 XVS$80.36M"`;

exports[`Dashboard > displays paused assets when switching the toggle 1`] = `"AssetPoolWalletSupply APY  / LTVBorrow APY LiquidityUSDCVenus0 USDC$05.24% 5.99%80%-7.03% -7.94%10.00 USDC$17.02MUSDCMetaverse0 USDC$05.24% 5.99%80%-7.03% -7.94%10.00 USDC$17.02MUSDTVenus900.00 USDT$900.004.01% / 80%5.76%-5.49% -6.51%10.00 USDT$55.34MUSDTMetaverse900.00 USDT$900.004.01% / 80%5.76%-5.49% -6.51%10.00 USDT$55.34MBUSDVenus110.00 BUSD$110.003.56% / 80%5.31%-4.9% -5.81%10.00 BUSD$36.54MBUSDMetaverse110.00 BUSD$110.003.56% / 80%5.31%-4.9% -5.81%10.00 BUSD$36.54MXVSVenus100.00 XVS$127.860.16%50%-6.48%10.00 XVS$80.36MXVSMetaverse100.00 XVS$127.860.16%50%-6.48%10.00 XVS$80.36M"`;

exports[`Dashboard > filters out assets when entering value in search input 1`] = `"AssetPoolWalletSupply APY  / LTVBorrow APY LiquidityUSDTVenus900.00 USDT$900.004.01% / 80%5.76%-5.49% -6.51%10.00 USDT$55.34MUSDTMetaverse900.00 USDT$900.004.01% / 80%5.76%-5.49% -6.51%10.00 USDT$55.34M"`;
